enum QType ['none', 'qnull', 'qnum', 'qstring', 'qdict', 'qlist', 'qbool']
    prefix QTYPE
command eins None -> None
   gen=True success_response=True boxed=False, runstates=None
object q_empty
command zwei None -> None
   gen=True success_response=True boxed=False, runstates=None
